12:55:44 **** Build of configuration Debug for project bram ****
make all 
make --no-print-directory pre-build
a9-linaro-pre-build-step
' '
make --no-print-directory main-build
'Building file: ../src/main.c'
'Invoking: ARM v7 gcc compiler'
arm-none-eabi-gcc -Wall -O0 -g3 -c -fmessage-length=0 -MT"src/main.o" -mcpu=cortex-a9 -mfpu=vfpv3 -mfloat-abi=hard -IC:/Users/clc25/Vivado_project/vitis_bram/bram_4k/export/bram_4k/sw/bram_4k/standalone_ps7_cortexa9_0/bspinclude/include -MMD -MP -MF"src/main.d" -MT"src/main.o" -o "src/main.o" "../src/main.c"
../src/main.c: In function 'main':
../src/main.c:16:30: warning: format '%x' expects argument of type 'unsigned int', but argument 2 has type 'u32' {aka 'long unsigned int'} [-Wformat=]
   16 |  printf("Offset = 0, Data = %x\r\n", a_read);
      |                             ~^       ~~~~~~
      |                              |       |
      |                              |       u32 {aka long unsigned int}
      |                              unsigned int
      |                             %lx
../src/main.c:17:30: warning: format '%x' expects argument of type 'unsigned int', but argument 2 has type 'u32' {aka 'long unsigned int'} [-Wformat=]
   17 |  printf("Offset = 4, Data = %x\r\n", b_read);
      |                             ~^       ~~~~~~
      |                              |       |
      |                              |       u32 {aka long unsigned int}
      |                              unsigned int
      |                             %lx
../src/main.c:18:31: warning: format '%x' expects argument of type 'unsigned int', but argument 2 has type 'u32' {aka 'long unsigned int'} [-Wformat=]
   18 |  printf("Offset = 28, Data = %x\r\n", c_read);
      |                              ~^       ~~~~~~
      |                               |       |
      |                               |       u32 {aka long unsigned int}
      |                               unsigned int
      |                              %lx
../src/main.c:19:31: warning: format '%x' expects argument of type 'unsigned int', but argument 2 has type 'u32' {aka 'long unsigned int'} [-Wformat=]
   19 |  printf("Offset = 64, Data = %x\r\n", d_read);
      |                              ~^       ~~~~~~
      |                               |       |
      |                               |       u32 {aka long unsigned int}
      |                               unsigned int
      |                              %lx
../src/main.c:27:30: warning: format '%x' expects argument of type 'unsigned int', but argument 2 has type 'u32' {aka 'long unsigned int'} [-Wformat=]
   27 |  printf("Offset = 0, Data = %x\r\n", a);
      |                             ~^       ~
      |                              |       |
      |                              |       u32 {aka long unsigned int}
      |                              unsigned int
      |                             %lx
../src/main.c:28:30: warning: format '%x' expects argument of type 'unsigned int', but argument 2 has type 'u32' {aka 'long unsigned int'} [-Wformat=]
   28 |  printf("Offset = 4, Data = %x\r\n", b);
      |                             ~^       ~
      |                              |       |
      |                              |       u32 {aka long unsigned int}
      |                              unsigned int
      |                             %lx
../src/main.c:29:30: warning: format '%x' expects argument of type 'unsigned int', but argument 2 has type 'u32' {aka 'long unsigned int'} [-Wformat=]
   29 |  printf("Offset = 8, Data = %x\r\n", c);
      |                             ~^       ~
      |                              |       |
      |                              |       u32 {aka long unsigned int}
      |                              unsigned int
      |                             %lx
../src/main.c:30:31: warning: format '%x' expects argument of type 'unsigned int', but argument 2 has type 'u32' {aka 'long unsigned int'} [-Wformat=]
   30 |  printf("Offset = 12, Data = %x\r\n", d);
      |                              ~^       ~
      |                               |       |
      |                               |       u32 {aka long unsigned int}
      |                               unsigned int
      |                              %lx
../src/main.c:46:30: warning: format '%x' expects argument of type 'unsigned int', but argument 2 has type 'u32' {aka 'long unsigned int'} [-Wformat=]
   46 |  printf("Offset = 0, Data = %x\r\n", a_read);
      |                             ~^       ~~~~~~
      |                              |       |
      |                              |       u32 {aka long unsigned int}
      |                              unsigned int
      |                             %lx
../src/main.c:47:30: warning: format '%x' expects argument of type 'unsigned int', but argument 2 has type 'u32' {aka 'long unsigned int'} [-Wformat=]
   47 |  printf("Offset = 4, Data = %x\r\n", b_read);
      |                             ~^       ~~~~~~
      |                              |       |
      |                              |       u32 {aka long unsigned int}
      |                              unsigned int
      |                             %lx
../src/main.c:48:30: warning: format '%x' expects argument of type 'unsigned int', but argument 2 has type 'u32' {aka 'long unsigned int'} [-Wformat=]
   48 |  printf("Offset = 8, Data = %x\r\n", c_read);
      |                             ~^       ~~~~~~
      |                              |       |
      |                              |       u32 {aka long unsigned int}
      |                              unsigned int
      |                             %lx
../src/main.c:49:31: warning: format '%x' expects argument of type 'unsigned int', but argument 2 has type 'u32' {aka 'long unsigned int'} [-Wformat=]
   49 |  printf("Offset = 12, Data = %x\r\n", d_read);
      |                              ~^       ~~~~~~
      |                               |       |
      |                               |       u32 {aka long unsigned int}
      |                               unsigned int
      |                              %lx
'Finished building: ../src/main.c'
' '
'Building target: bram.elf'
'Invoking: ARM v7 gcc linker'
arm-none-eabi-gcc -mcpu=cortex-a9 -mfpu=vfpv3 -mfloat-abi=hard -Wl,-build-id=none -specs=Xilinx.spec -Wl,-T -Wl,../src/lscript.ld -LC:/Users/clc25/Vivado_project/vitis_bram/bram_4k/export/bram_4k/sw/bram_4k/standalone_ps7_cortexa9_0/bsplib/lib -o "bram.elf"  ./src/main.o   -Wl,--start-group,-lxil,-lgcc,-lc,--end-group
'Finished building target: bram.elf'
' '
'Invoking: ARM v7 Print Size'
arm-none-eabi-size bram.elf  |tee "bram.elf.size"
   text	   data	    bss	    dec	    hex	filename
  49184	   2548	  22640	  74372	  12284	bram.elf
'Finished building: bram.elf.size'
' '

12:55:46 Build Finished (took 1s.619ms)

